Copyright 1986-2022 Xilinx, Inc. All Rights Reserved. Copyright 2022-2023 Advanced Micro Devices, Inc. All Rights Reserved.
------------------------------------------------------------------------------------------------------------------------------------------------------------------------------------------------------
| Tool Version : Vivado v.2023.2 (lin64) Build 4029153 Fri Oct 13 20:13:54 MDT 2023
| Date         : Tue May 12 20:56:04 2026
| Host         : ecs02.poly.edu running 64-bit Red Hat Enterprise Linux release 8.10 (Ootpa)
| Command      : report_timing_summary -max_paths 10 -report_unconstrained -file vac_timing_summary_routed.rpt -pb vac_timing_summary_routed.pb -rpx vac_timing_summary_routed.rpx -warn_on_violation
| Design       : vac
| Device       : 7z020-clg400
| Speed File   : -1  PRODUCTION 1.12 2019-11-22
| Design State : Routed
------------------------------------------------------------------------------------------------------------------------------------------------------------------------------------------------------

Timing Summary Report

------------------------------------------------------------------------------------------------
| Timer Settings
| --------------
------------------------------------------------------------------------------------------------

  Enable Multi Corner Analysis               :  Yes
  Enable Pessimism Removal                   :  Yes
  Pessimism Removal Resolution               :  Nearest Common Node
  Enable Input Delay Default Clock           :  No
  Enable Preset / Clear Arcs                 :  No
  Disable Flight Delays                      :  No
  Ignore I/O Paths                           :  No
  Timing Early Launch at Borrowing Latches   :  No
  Borrow Time for Max Delay Exceptions       :  Yes
  Merge Timing Exceptions                    :  Yes
  Inter-SLR Compensation                     :  Conservative

  Corner  Analyze    Analyze    
  Name    Max Paths  Min Paths  
  ------  ---------  ---------  
  Slow    Yes        Yes        
  Fast    Yes        Yes        


------------------------------------------------------------------------------------------------
| Report Methodology
| ------------------
------------------------------------------------------------------------------------------------

Rule       Severity          Description                  Violations  
---------  ----------------  ---------------------------  ----------  
TIMING-17  Critical Warning  Non-clocked sequential cell  422         
SYNTH-10   Warning           Wide multiplier              29          

Note: This report is based on the most recent report_methodology run and may not be up-to-date. Run report_methodology on the current design for the latest report.



check_timing report

Table of Contents
-----------------
1. checking no_clock (422)
2. checking constant_clock (0)
3. checking pulse_width_clock (0)
4. checking unconstrained_internal_endpoints (1813)
5. checking no_input_delay (78)
6. checking no_output_delay (166)
7. checking multiple_clock (0)
8. checking generated_clocks (0)
9. checking loops (0)
10. checking partial_input_delay (0)
11. checking partial_output_delay (0)
12. checking latch_loops (0)

1. checking no_clock (422)
--------------------------
 There are 422 register/latch pins with no clock driven by root clock pin: clk (HIGH)


2. checking constant_clock (0)
------------------------------
 There are 0 register/latch pins with constant_clock.


3. checking pulse_width_clock (0)
---------------------------------
 There are 0 register/latch pins which need pulse_width check


4. checking unconstrained_internal_endpoints (1813)
---------------------------------------------------
 There are 1813 pins that are not constrained for maximum delay. (HIGH)

 There are 0 pins that are not constrained for maximum delay due to constant clock.


5. checking no_input_delay (78)
-------------------------------
 There are 78 input ports with no input delay specified. (HIGH)

 There are 0 input ports with no input delay but user has a false path constraint.


6. checking no_output_delay (166)
---------------------------------
 There are 166 ports with no output delay specified. (HIGH)

 There are 0 ports with no output delay but user has a false path constraint

 There are 0 ports with no output delay but with a timing clock defined on it or propagating through it


7. checking multiple_clock (0)
------------------------------
 There are 0 register/latch pins with multiple clocks.


8. checking generated_clocks (0)
--------------------------------
 There are 0 generated clocks that are not connected to a clock source.


9. checking loops (0)
---------------------
 There are 0 combinational loops in the design.


10. checking partial_input_delay (0)
------------------------------------
 There are 0 input ports with partial input delay specified.


11. checking partial_output_delay (0)
-------------------------------------
 There are 0 ports with partial output delay specified.


12. checking latch_loops (0)
----------------------------
 There are 0 combinational latch loops in the design through latch input



------------------------------------------------------------------------------------------------
| Design Timing Summary
| ---------------------
------------------------------------------------------------------------------------------------

    WNS(ns)      TNS(ns)  TNS Failing Endpoints  TNS Total Endpoints      WHS(ns)      THS(ns)  THS Failing Endpoints  THS Total Endpoints     WPWS(ns)     TPWS(ns)  TPWS Failing Endpoints  TPWS Total Endpoints  
    -------      -------  ---------------------  -------------------      -------      -------  ---------------------  -------------------     --------     --------  ----------------------  --------------------  
        inf        0.000                      0                 1979          inf        0.000                      0                 1979           NA           NA                      NA                    NA  


There are no user specified timing constraints.


------------------------------------------------------------------------------------------------
| Clock Summary
| -------------
------------------------------------------------------------------------------------------------


------------------------------------------------------------------------------------------------
| Intra Clock Table
| -----------------
------------------------------------------------------------------------------------------------

Clock             WNS(ns)      TNS(ns)  TNS Failing Endpoints  TNS Total Endpoints      WHS(ns)      THS(ns)  THS Failing Endpoints  THS Total Endpoints     WPWS(ns)     TPWS(ns)  TPWS Failing Endpoints  TPWS Total Endpoints  
-----             -------      -------  ---------------------  -------------------      -------      -------  ---------------------  -------------------     --------     --------  ----------------------  --------------------  


------------------------------------------------------------------------------------------------
| Inter Clock Table
| -----------------
------------------------------------------------------------------------------------------------

From Clock    To Clock          WNS(ns)      TNS(ns)  TNS Failing Endpoints  TNS Total Endpoints      WHS(ns)      THS(ns)  THS Failing Endpoints  THS Total Endpoints  
----------    --------          -------      -------  ---------------------  -------------------      -------      -------  ---------------------  -------------------  


------------------------------------------------------------------------------------------------
| Other Path Groups Table
| -----------------------
------------------------------------------------------------------------------------------------

Path Group    From Clock    To Clock          WNS(ns)      TNS(ns)  TNS Failing Endpoints  TNS Total Endpoints      WHS(ns)      THS(ns)  THS Failing Endpoints  THS Total Endpoints  
----------    ----------    --------          -------      -------  ---------------------  -------------------      -------      -------  ---------------------  -------------------  


------------------------------------------------------------------------------------------------
| User Ignored Path Table
| -----------------------
------------------------------------------------------------------------------------------------

Path Group    From Clock    To Clock    
----------    ----------    --------    


------------------------------------------------------------------------------------------------
| Unconstrained Path Table
| ------------------------
------------------------------------------------------------------------------------------------

Path Group    From Clock    To Clock    
----------    ----------    --------    
(none)                                    


------------------------------------------------------------------------------------------------
| Timing Details
| --------------
------------------------------------------------------------------------------------------------


--------------------------------------------------------------------------------------
Path Group:  (none)
From Clock:  
  To Clock:  

Max Delay          1979 Endpoints
Min Delay          1979 Endpoints
--------------------------------------------------------------------------------------


Max Delay Paths
--------------------------------------------------------------------------------------
Slack:                    inf
  Source:                 u_pe/x2_s1_reg__0/CLK
                            (rising edge-triggered cell DSP48E1)
  Destination:            u_acc/sum_out_reg[63]/D
  Path Group:             (none)
  Path Type:              Max at Slow Process Corner
  Data Path Delay:        27.282ns  (logic 14.827ns (54.347%)  route 12.455ns (45.653%))
  Logic Levels:           24  (CARRY4=10 DSP48E1=4 LUT2=1 LUT3=2 LUT5=3 LUT6=4)

    Location             Delay type                Incr(ns)  Path(ns)    Netlist Resource(s)
  -------------------------------------------------------------------    -------------------
    DSP48_X1Y9           DSP48E1                      0.000     0.000 r  u_pe/x2_s1_reg__0/CLK
    DSP48_X1Y9           DSP48E1 (Prop_dsp48e1_CLK_P[0])
                                                      0.434     0.434 r  u_pe/x2_s1_reg__0/P[0]
                         net (fo=2, routed)           1.163     1.597    u_pe/x2_s1_reg__0_n_105
    SLICE_X20Y17         LUT2 (Prop_lut2_I0_O)        0.124     1.721 r  u_pe/sum_out3__0_i_19/O
                         net (fo=1, routed)           0.000     1.721    u_pe/sum_out3__0_i_19_n_0
    SLICE_X20Y17         CARRY4 (Prop_carry4_S[1]_CO[3])
                                                      0.533     2.254 r  u_pe/sum_out3__0_i_4/CO[3]
                         net (fo=1, routed)           0.000     2.254    u_pe/sum_out3__0_i_4_n_0
    SLICE_X20Y18         CARRY4 (Prop_carry4_CI_CO[3])
                                                      0.117     2.371 r  u_pe/sum_out3__0_i_3/CO[3]
                         net (fo=1, routed)           0.000     2.371    u_pe/sum_out3__0_i_3_n_0
    SLICE_X20Y19         CARRY4 (Prop_carry4_CI_CO[3])
                                                      0.117     2.488 r  u_pe/sum_out3__0_i_2/CO[3]
                         net (fo=1, routed)           0.000     2.488    u_pe/sum_out3__0_i_2_n_0
    SLICE_X20Y20         CARRY4 (Prop_carry4_CI_O[2])
                                                      0.239     2.727 r  u_pe/sum_out3__0_i_1/O[2]
                         net (fo=4, routed)           1.670     4.396    u_acc/x2_s1_reg[14]
    DSP48_X1Y15          DSP48E1 (Prop_dsp48e1_A[13]_PCOUT[47])
                                                      4.213     8.609 r  u_acc/sum_out4__0/PCOUT[47]
                         net (fo=1, routed)           0.002     8.611    u_acc/sum_out4__0_n_106
    DSP48_X1Y16          DSP48E1 (Prop_dsp48e1_PCIN[47]_P[2])
                                                      1.518    10.129 r  u_acc/sum_out4__1/P[2]
                         net (fo=3, routed)           1.264    11.393    u_acc/sum_out4__1_n_103
    SLICE_X14Y35         LUT3 (Prop_lut3_I2_O)        0.124    11.517 r  u_acc/sum_out3__8_i_38/O
                         net (fo=2, routed)           0.684    12.201    u_acc/sum_out3__8_i_38_n_0
    SLICE_X14Y35         LUT5 (Prop_lut5_I1_O)        0.124    12.325 r  u_acc/sum_out3__8_i_20/O
                         net (fo=2, routed)           1.169    13.495    u_acc/sum_out3__8_i_20_n_0
    SLICE_X12Y35         LUT6 (Prop_lut6_I0_O)        0.124    13.619 r  u_acc/sum_out3__8_i_24/O
                         net (fo=1, routed)           0.000    13.619    u_acc/sum_out3__8_i_24_n_0
    SLICE_X12Y35         CARRY4 (Prop_carry4_S[2]_CO[3])
                                                      0.380    13.999 r  u_acc/sum_out3__8_i_3/CO[3]
                         net (fo=1, routed)           0.000    13.999    u_acc/sum_out3__8_i_3_n_0
    SLICE_X12Y36         CARRY4 (Prop_carry4_CI_CO[3])
                                                      0.117    14.116 r  u_acc/sum_out3__8_i_2/CO[3]
                         net (fo=1, routed)           0.000    14.116    u_acc/sum_out3__8_i_2_n_0
    SLICE_X12Y37         CARRY4 (Prop_carry4_CI_O[3])
                                                      0.315    14.431 r  u_acc/sum_out3__8_i_1/O[3]
                         net (fo=6, routed)           1.027    15.457    u_acc/sum_out3__8_i_1_n_4
    DSP48_X0Y18          DSP48E1 (Prop_dsp48e1_B[12]_P[3])
                                                      3.839    19.296 r  u_acc/sum_out3__8/P[3]
                         net (fo=3, routed)           1.087    20.383    u_acc/sum_out3__8_n_102
    SLICE_X12Y40         LUT3 (Prop_lut3_I0_O)        0.124    20.507 r  u_acc/i___3_carry__8_i_9/O
                         net (fo=2, routed)           0.691    21.198    u_acc/i___3_carry__8_i_9_n_0
    SLICE_X12Y40         LUT5 (Prop_lut5_I4_O)        0.124    21.322 r  u_acc/i___3_carry__8_i_1/O
                         net (fo=2, routed)           0.883    22.205    u_acc/i___3_carry__8_i_1_n_0
    SLICE_X13Y40         LUT6 (Prop_lut6_I0_O)        0.124    22.329 r  u_acc/i___3_carry__8_i_5/O
                         net (fo=1, routed)           0.000    22.329    u_acc/i___3_carry__8_i_5_n_0
    SLICE_X13Y40         CARRY4 (Prop_carry4_S[3]_CO[3])
                                                      0.401    22.730 r  u_acc/sum_out3_inferred__0/i___3_carry__8/CO[3]
                         net (fo=1, routed)           0.000    22.730    u_acc/sum_out3_inferred__0/i___3_carry__8_n_0
    SLICE_X13Y41         CARRY4 (Prop_carry4_CI_O[3])
                                                      0.313    23.043 r  u_acc/sum_out3_inferred__0/i___3_carry__9/O[3]
                         net (fo=3, routed)           0.976    24.019    u_acc/sum_out3_inferred__0/i___3_carry__9_n_4
    SLICE_X18Y42         LUT5 (Prop_lut5_I2_O)        0.328    24.347 f  u_acc/sum_out0__3_carry__14_i_9/O
                         net (fo=2, routed)           0.959    25.306    u_acc/sum_out0__3_carry__14_i_9_n_0
    SLICE_X17Y42         LUT6 (Prop_lut6_I5_O)        0.328    25.634 r  u_acc/sum_out0__3_carry__14_i_2/O
                         net (fo=2, routed)           0.881    26.515    u_acc/sum_out0__3_carry__14_i_2_n_0
    SLICE_X16Y42         LUT6 (Prop_lut6_I0_O)        0.124    26.639 r  u_acc/sum_out0__3_carry__14_i_6/O
                         net (fo=1, routed)           0.000    26.639    u_acc/sum_out0__3_carry__14_i_6_n_0
    SLICE_X16Y42         CARRY4 (Prop_carry4_S[1]_O[3])
                                                      0.643    27.282 r  u_acc/sum_out0__3_carry__14/O[3]
                         net (fo=1, routed)           0.000    27.282    u_acc/p_0_in[63]
    SLICE_X16Y42         FDRE                                         r  u_acc/sum_out_reg[63]/D
  -------------------------------------------------------------------    -------------------

Slack:                    inf
  Source:                 u_pe/x2_s1_reg__0/CLK
                            (rising edge-triggered cell DSP48E1)
  Destination:            u_acc/sum_out_reg[62]/D
  Path Group:             (none)
  Path Type:              Max at Slow Process Corner
  Data Path Delay:        27.217ns  (logic 14.762ns (54.238%)  route 12.455ns (45.762%))
  Logic Levels:           24  (CARRY4=10 DSP48E1=4 LUT2=1 LUT3=2 LUT5=3 LUT6=4)

    Location             Delay type                Incr(ns)  Path(ns)    Netlist Resource(s)
  -------------------------------------------------------------------    -------------------
    DSP48_X1Y9           DSP48E1                      0.000     0.000 r  u_pe/x2_s1_reg__0/CLK
    DSP48_X1Y9           DSP48E1 (Prop_dsp48e1_CLK_P[0])
                                                      0.434     0.434 r  u_pe/x2_s1_reg__0/P[0]
                         net (fo=2, routed)           1.163     1.597    u_pe/x2_s1_reg__0_n_105
    SLICE_X20Y17         LUT2 (Prop_lut2_I0_O)        0.124     1.721 r  u_pe/sum_out3__0_i_19/O
                         net (fo=1, routed)           0.000     1.721    u_pe/sum_out3__0_i_19_n_0
    SLICE_X20Y17         CARRY4 (Prop_carry4_S[1]_CO[3])
                                                      0.533     2.254 r  u_pe/sum_out3__0_i_4/CO[3]
                         net (fo=1, routed)           0.000     2.254    u_pe/sum_out3__0_i_4_n_0
    SLICE_X20Y18         CARRY4 (Prop_carry4_CI_CO[3])
                                                      0.117     2.371 r  u_pe/sum_out3__0_i_3/CO[3]
                         net (fo=1, routed)           0.000     2.371    u_pe/sum_out3__0_i_3_n_0
    SLICE_X20Y19         CARRY4 (Prop_carry4_CI_CO[3])
                                                      0.117     2.488 r  u_pe/sum_out3__0_i_2/CO[3]
                         net (fo=1, routed)           0.000     2.488    u_pe/sum_out3__0_i_2_n_0
    SLICE_X20Y20         CARRY4 (Prop_carry4_CI_O[2])
                                                      0.239     2.727 r  u_pe/sum_out3__0_i_1/O[2]
                         net (fo=4, routed)           1.670     4.396    u_acc/x2_s1_reg[14]
    DSP48_X1Y15          DSP48E1 (Prop_dsp48e1_A[13]_PCOUT[47])
                                                      4.213     8.609 r  u_acc/sum_out4__0/PCOUT[47]
                         net (fo=1, routed)           0.002     8.611    u_acc/sum_out4__0_n_106
    DSP48_X1Y16          DSP48E1 (Prop_dsp48e1_PCIN[47]_P[2])
                                                      1.518    10.129 r  u_acc/sum_out4__1/P[2]
                         net (fo=3, routed)           1.264    11.393    u_acc/sum_out4__1_n_103
    SLICE_X14Y35         LUT3 (Prop_lut3_I2_O)        0.124    11.517 r  u_acc/sum_out3__8_i_38/O
                         net (fo=2, routed)           0.684    12.201    u_acc/sum_out3__8_i_38_n_0
    SLICE_X14Y35         LUT5 (Prop_lut5_I1_O)        0.124    12.325 r  u_acc/sum_out3__8_i_20/O
                         net (fo=2, routed)           1.169    13.495    u_acc/sum_out3__8_i_20_n_0
    SLICE_X12Y35         LUT6 (Prop_lut6_I0_O)        0.124    13.619 r  u_acc/sum_out3__8_i_24/O
                         net (fo=1, routed)           0.000    13.619    u_acc/sum_out3__8_i_24_n_0
    SLICE_X12Y35         CARRY4 (Prop_carry4_S[2]_CO[3])
                                                      0.380    13.999 r  u_acc/sum_out3__8_i_3/CO[3]
                         net (fo=1, routed)           0.000    13.999    u_acc/sum_out3__8_i_3_n_0
    SLICE_X12Y36         CARRY4 (Prop_carry4_CI_CO[3])
                                                      0.117    14.116 r  u_acc/sum_out3__8_i_2/CO[3]
                         net (fo=1, routed)           0.000    14.116    u_acc/sum_out3__8_i_2_n_0
    SLICE_X12Y37         CARRY4 (Prop_carry4_CI_O[3])
                                                      0.315    14.431 r  u_acc/sum_out3__8_i_1/O[3]
                         net (fo=6, routed)           1.027    15.457    u_acc/sum_out3__8_i_1_n_4
    DSP48_X0Y18          DSP48E1 (Prop_dsp48e1_B[12]_P[3])
                                                      3.839    19.296 r  u_acc/sum_out3__8/P[3]
                         net (fo=3, routed)           1.087    20.383    u_acc/sum_out3__8_n_102
    SLICE_X12Y40         LUT3 (Prop_lut3_I0_O)        0.124    20.507 r  u_acc/i___3_carry__8_i_9/O
                         net (fo=2, routed)           0.691    21.198    u_acc/i___3_carry__8_i_9_n_0
    SLICE_X12Y40         LUT5 (Prop_lut5_I4_O)        0.124    21.322 r  u_acc/i___3_carry__8_i_1/O
                         net (fo=2, routed)           0.883    22.205    u_acc/i___3_carry__8_i_1_n_0
    SLICE_X13Y40         LUT6 (Prop_lut6_I0_O)        0.124    22.329 r  u_acc/i___3_carry__8_i_5/O
                         net (fo=1, routed)           0.000    22.329    u_acc/i___3_carry__8_i_5_n_0
    SLICE_X13Y40         CARRY4 (Prop_carry4_S[3]_CO[3])
                                                      0.401    22.730 r  u_acc/sum_out3_inferred__0/i___3_carry__8/CO[3]
                         net (fo=1, routed)           0.000    22.730    u_acc/sum_out3_inferred__0/i___3_carry__8_n_0
    SLICE_X13Y41         CARRY4 (Prop_carry4_CI_O[3])
                                                      0.313    23.043 r  u_acc/sum_out3_inferred__0/i___3_carry__9/O[3]
                         net (fo=3, routed)           0.976    24.019    u_acc/sum_out3_inferred__0/i___3_carry__9_n_4
    SLICE_X18Y42         LUT5 (Prop_lut5_I2_O)        0.328    24.347 f  u_acc/sum_out0__3_carry__14_i_9/O
                         net (fo=2, routed)           0.959    25.306    u_acc/sum_out0__3_carry__14_i_9_n_0
    SLICE_X17Y42         LUT6 (Prop_lut6_I5_O)        0.328    25.634 r  u_acc/sum_out0__3_carry__14_i_2/O
                         net (fo=2, routed)           0.881    26.515    u_acc/sum_out0__3_carry__14_i_2_n_0
    SLICE_X16Y42         LUT6 (Prop_lut6_I0_O)        0.124    26.639 r  u_acc/sum_out0__3_carry__14_i_6/O
                         net (fo=1, routed)           0.000    26.639    u_acc/sum_out0__3_carry__14_i_6_n_0
    SLICE_X16Y42         CARRY4 (Prop_carry4_S[1]_O[2])
                                                      0.578    27.217 r  u_acc/sum_out0__3_carry__14/O[2]
                         net (fo=1, routed)           0.000    27.217    u_acc/p_0_in[62]
    SLICE_X16Y42         FDRE                                         r  u_acc/sum_out_reg[62]/D
  -------------------------------------------------------------------    -------------------

Slack:                    inf
  Source:                 u_pe/x2_s1_reg__0/CLK
                            (rising edge-triggered cell DSP48E1)
  Destination:            u_acc/sum_out_reg[61]/D
  Path Group:             (none)
  Path Type:              Max at Slow Process Corner
  Data Path Delay:        26.869ns  (logic 14.414ns (53.645%)  route 12.455ns (46.355%))
  Logic Levels:           24  (CARRY4=10 DSP48E1=4 LUT2=1 LUT3=2 LUT5=3 LUT6=4)

    Location             Delay type                Incr(ns)  Path(ns)    Netlist Resource(s)
  -------------------------------------------------------------------    -------------------
    DSP48_X1Y9           DSP48E1                      0.000     0.000 r  u_pe/x2_s1_reg__0/CLK
    DSP48_X1Y9           DSP48E1 (Prop_dsp48e1_CLK_P[0])
                                                      0.434     0.434 r  u_pe/x2_s1_reg__0/P[0]
                         net (fo=2, routed)           1.163     1.597    u_pe/x2_s1_reg__0_n_105
    SLICE_X20Y17         LUT2 (Prop_lut2_I0_O)        0.124     1.721 r  u_pe/sum_out3__0_i_19/O
                         net (fo=1, routed)           0.000     1.721    u_pe/sum_out3__0_i_19_n_0
    SLICE_X20Y17         CARRY4 (Prop_carry4_S[1]_CO[3])
                                                      0.533     2.254 r  u_pe/sum_out3__0_i_4/CO[3]
                         net (fo=1, routed)           0.000     2.254    u_pe/sum_out3__0_i_4_n_0
    SLICE_X20Y18         CARRY4 (Prop_carry4_CI_CO[3])
                                                      0.117     2.371 r  u_pe/sum_out3__0_i_3/CO[3]
                         net (fo=1, routed)           0.000     2.371    u_pe/sum_out3__0_i_3_n_0
    SLICE_X20Y19         CARRY4 (Prop_carry4_CI_CO[3])
                                                      0.117     2.488 r  u_pe/sum_out3__0_i_2/CO[3]
                         net (fo=1, routed)           0.000     2.488    u_pe/sum_out3__0_i_2_n_0
    SLICE_X20Y20         CARRY4 (Prop_carry4_CI_O[2])
                                                      0.239     2.727 r  u_pe/sum_out3__0_i_1/O[2]
                         net (fo=4, routed)           1.670     4.396    u_acc/x2_s1_reg[14]
    DSP48_X1Y15          DSP48E1 (Prop_dsp48e1_A[13]_PCOUT[47])
                                                      4.213     8.609 r  u_acc/sum_out4__0/PCOUT[47]
                         net (fo=1, routed)           0.002     8.611    u_acc/sum_out4__0_n_106
    DSP48_X1Y16          DSP48E1 (Prop_dsp48e1_PCIN[47]_P[2])
                                                      1.518    10.129 r  u_acc/sum_out4__1/P[2]
                         net (fo=3, routed)           1.264    11.393    u_acc/sum_out4__1_n_103
    SLICE_X14Y35         LUT3 (Prop_lut3_I2_O)        0.124    11.517 r  u_acc/sum_out3__8_i_38/O
                         net (fo=2, routed)           0.684    12.201    u_acc/sum_out3__8_i_38_n_0
    SLICE_X14Y35         LUT5 (Prop_lut5_I1_O)        0.124    12.325 r  u_acc/sum_out3__8_i_20/O
                         net (fo=2, routed)           1.169    13.495    u_acc/sum_out3__8_i_20_n_0
    SLICE_X12Y35         LUT6 (Prop_lut6_I0_O)        0.124    13.619 r  u_acc/sum_out3__8_i_24/O
                         net (fo=1, routed)           0.000    13.619    u_acc/sum_out3__8_i_24_n_0
    SLICE_X12Y35         CARRY4 (Prop_carry4_S[2]_CO[3])
                                                      0.380    13.999 r  u_acc/sum_out3__8_i_3/CO[3]
                         net (fo=1, routed)           0.000    13.999    u_acc/sum_out3__8_i_3_n_0
    SLICE_X12Y36         CARRY4 (Prop_carry4_CI_CO[3])
                                                      0.117    14.116 r  u_acc/sum_out3__8_i_2/CO[3]
                         net (fo=1, routed)           0.000    14.116    u_acc/sum_out3__8_i_2_n_0
    SLICE_X12Y37         CARRY4 (Prop_carry4_CI_O[3])
                                                      0.315    14.431 r  u_acc/sum_out3__8_i_1/O[3]
                         net (fo=6, routed)           1.027    15.457    u_acc/sum_out3__8_i_1_n_4
    DSP48_X0Y18          DSP48E1 (Prop_dsp48e1_B[12]_P[3])
                                                      3.839    19.296 r  u_acc/sum_out3__8/P[3]
                         net (fo=3, routed)           1.087    20.383    u_acc/sum_out3__8_n_102
    SLICE_X12Y40         LUT3 (Prop_lut3_I0_O)        0.124    20.507 r  u_acc/i___3_carry__8_i_9/O
                         net (fo=2, routed)           0.691    21.198    u_acc/i___3_carry__8_i_9_n_0
    SLICE_X12Y40         LUT5 (Prop_lut5_I4_O)        0.124    21.322 r  u_acc/i___3_carry__8_i_1/O
                         net (fo=2, routed)           0.883    22.205    u_acc/i___3_carry__8_i_1_n_0
    SLICE_X13Y40         LUT6 (Prop_lut6_I0_O)        0.124    22.329 r  u_acc/i___3_carry__8_i_5/O
                         net (fo=1, routed)           0.000    22.329    u_acc/i___3_carry__8_i_5_n_0
    SLICE_X13Y40         CARRY4 (Prop_carry4_S[3]_CO[3])
                                                      0.401    22.730 r  u_acc/sum_out3_inferred__0/i___3_carry__8/CO[3]
                         net (fo=1, routed)           0.000    22.730    u_acc/sum_out3_inferred__0/i___3_carry__8_n_0
    SLICE_X13Y41         CARRY4 (Prop_carry4_CI_O[3])
                                                      0.313    23.043 r  u_acc/sum_out3_inferred__0/i___3_carry__9/O[3]
                         net (fo=3, routed)           0.976    24.019    u_acc/sum_out3_inferred__0/i___3_carry__9_n_4
    SLICE_X18Y42         LUT5 (Prop_lut5_I2_O)        0.328    24.347 f  u_acc/sum_out0__3_carry__14_i_9/O
                         net (fo=2, routed)           0.959    25.306    u_acc/sum_out0__3_carry__14_i_9_n_0
    SLICE_X17Y42         LUT6 (Prop_lut6_I5_O)        0.328    25.634 r  u_acc/sum_out0__3_carry__14_i_2/O
                         net (fo=2, routed)           0.881    26.515    u_acc/sum_out0__3_carry__14_i_2_n_0
    SLICE_X16Y42         LUT6 (Prop_lut6_I0_O)        0.124    26.639 r  u_acc/sum_out0__3_carry__14_i_6/O
                         net (fo=1, routed)           0.000    26.639    u_acc/sum_out0__3_carry__14_i_6_n_0
    SLICE_X16Y42         CARRY4 (Prop_carry4_S[1]_O[1])
                                                      0.230    26.869 r  u_acc/sum_out0__3_carry__14/O[1]
                         net (fo=1, routed)           0.000    26.869    u_acc/p_0_in[61]
    SLICE_X16Y42         FDRE                                         r  u_acc/sum_out_reg[61]/D
  -------------------------------------------------------------------    -------------------

Slack:                    inf
  Source:                 u_pe/x2_s1_reg__0/CLK
                            (rising edge-triggered cell DSP48E1)
  Destination:            u_acc/sum_out_reg[60]/D
  Path Group:             (none)
  Path Type:              Max at Slow Process Corner
  Data Path Delay:        26.265ns  (logic 14.698ns (55.960%)  route 11.567ns (44.040%))
  Logic Levels:           23  (CARRY4=10 DSP48E1=4 LUT2=1 LUT3=2 LUT5=3 LUT6=3)

    Location             Delay type                Incr(ns)  Path(ns)    Netlist Resource(s)
  -------------------------------------------------------------------    -------------------
    DSP48_X1Y9           DSP48E1                      0.000     0.000 r  u_pe/x2_s1_reg__0/CLK
    DSP48_X1Y9           DSP48E1 (Prop_dsp48e1_CLK_P[0])
                                                      0.434     0.434 r  u_pe/x2_s1_reg__0/P[0]
                         net (fo=2, routed)           1.163     1.597    u_pe/x2_s1_reg__0_n_105
    SLICE_X20Y17         LUT2 (Prop_lut2_I0_O)        0.124     1.721 r  u_pe/sum_out3__0_i_19/O
                         net (fo=1, routed)           0.000     1.721    u_pe/sum_out3__0_i_19_n_0
    SLICE_X20Y17         CARRY4 (Prop_carry4_S[1]_CO[3])
                                                      0.533     2.254 r  u_pe/sum_out3__0_i_4/CO[3]
                         net (fo=1, routed)           0.000     2.254    u_pe/sum_out3__0_i_4_n_0
    SLICE_X20Y18         CARRY4 (Prop_carry4_CI_CO[3])
                                                      0.117     2.371 r  u_pe/sum_out3__0_i_3/CO[3]
                         net (fo=1, routed)           0.000     2.371    u_pe/sum_out3__0_i_3_n_0
    SLICE_X20Y19         CARRY4 (Prop_carry4_CI_CO[3])
                                                      0.117     2.488 r  u_pe/sum_out3__0_i_2/CO[3]
                         net (fo=1, routed)           0.000     2.488    u_pe/sum_out3__0_i_2_n_0
    SLICE_X20Y20         CARRY4 (Prop_carry4_CI_O[2])
                                                      0.239     2.727 r  u_pe/sum_out3__0_i_1/O[2]
                         net (fo=4, routed)           1.670     4.396    u_acc/x2_s1_reg[14]
    DSP48_X1Y15          DSP48E1 (Prop_dsp48e1_A[13]_PCOUT[47])
                                                      4.213     8.609 r  u_acc/sum_out4__0/PCOUT[47]
                         net (fo=1, routed)           0.002     8.611    u_acc/sum_out4__0_n_106
    DSP48_X1Y16          DSP48E1 (Prop_dsp48e1_PCIN[47]_P[2])
                                                      1.518    10.129 r  u_acc/sum_out4__1/P[2]
                         net (fo=3, routed)           1.264    11.393    u_acc/sum_out4__1_n_103
    SLICE_X14Y35         LUT3 (Prop_lut3_I2_O)        0.124    11.517 r  u_acc/sum_out3__8_i_38/O
                         net (fo=2, routed)           0.684    12.201    u_acc/sum_out3__8_i_38_n_0
    SLICE_X14Y35         LUT5 (Prop_lut5_I1_O)        0.124    12.325 r  u_acc/sum_out3__8_i_20/O
                         net (fo=2, routed)           1.169    13.495    u_acc/sum_out3__8_i_20_n_0
    SLICE_X12Y35         LUT6 (Prop_lut6_I0_O)        0.124    13.619 r  u_acc/sum_out3__8_i_24/O
                         net (fo=1, routed)           0.000    13.619    u_acc/sum_out3__8_i_24_n_0
    SLICE_X12Y35         CARRY4 (Prop_carry4_S[2]_CO[3])
                                                      0.380    13.999 r  u_acc/sum_out3__8_i_3/CO[3]
                         net (fo=1, routed)           0.000    13.999    u_acc/sum_out3__8_i_3_n_0
    SLICE_X12Y36         CARRY4 (Prop_carry4_CI_CO[3])
                                                      0.117    14.116 r  u_acc/sum_out3__8_i_2/CO[3]
                         net (fo=1, routed)           0.000    14.116    u_acc/sum_out3__8_i_2_n_0
    SLICE_X12Y37         CARRY4 (Prop_carry4_CI_O[3])
                                                      0.315    14.431 r  u_acc/sum_out3__8_i_1/O[3]
                         net (fo=6, routed)           1.027    15.457    u_acc/sum_out3__8_i_1_n_4
    DSP48_X0Y18          DSP48E1 (Prop_dsp48e1_B[12]_P[1])
                                                      3.839    19.296 r  u_acc/sum_out3__8/P[1]
                         net (fo=3, routed)           1.225    20.521    u_acc/sum_out3__8_n_104
    SLICE_X14Y40         LUT3 (Prop_lut3_I0_O)        0.124    20.645 r  u_acc/i___3_carry__8_i_11/O
                         net (fo=3, routed)           0.603    21.249    u_acc/i___3_carry__8_i_11_n_0
    SLICE_X12Y39         LUT5 (Prop_lut5_I1_O)        0.124    21.373 r  u_acc/i___3_carry__8_i_3/O
                         net (fo=2, routed)           0.674    22.046    u_acc/i___3_carry__8_i_3_n_0
    SLICE_X13Y40         CARRY4 (Prop_carry4_DI[1]_O[3])
                                                      0.596    22.642 r  u_acc/sum_out3_inferred__0/i___3_carry__8/O[3]
                         net (fo=3, routed)           0.829    23.471    u_acc/sum_out3_inferred__0/i___3_carry__8_n_4
    SLICE_X15Y41         LUT5 (Prop_lut5_I2_O)        0.334    23.805 f  u_acc/sum_out0__3_carry__13_i_11/O
                         net (fo=2, routed)           0.449    24.254    u_acc/sum_out0__3_carry__13_i_11_n_0
    SLICE_X15Y41         LUT6 (Prop_lut6_I5_O)        0.326    24.580 r  u_acc/sum_out0__3_carry__13_i_3/O
                         net (fo=2, routed)           0.809    25.389    u_acc/sum_out0__3_carry__13_i_3_n_0
    SLICE_X16Y41         LUT6 (Prop_lut6_I0_O)        0.124    25.513 r  u_acc/sum_out0__3_carry__13_i_7/O
                         net (fo=1, routed)           0.000    25.513    u_acc/sum_out0__3_carry__13_i_7_n_0
    SLICE_X16Y41         CARRY4 (Prop_carry4_S[1]_CO[3])
                                                      0.533    26.046 r  u_acc/sum_out0__3_carry__13/CO[3]
                         net (fo=1, routed)           0.000    26.046    u_acc/sum_out0__3_carry__13_n_0
    SLICE_X16Y42         CARRY4 (Prop_carry4_CI_O[0])
                                                      0.219    26.265 r  u_acc/sum_out0__3_carry__14/O[0]
                         net (fo=1, routed)           0.000    26.265    u_acc/p_0_in[60]
    SLICE_X16Y42         FDRE                                         r  u_acc/sum_out_reg[60]/D
  -------------------------------------------------------------------    -------------------

Slack:                    inf
  Source:                 u_pe/x2_s1_reg__0/CLK
                            (rising edge-triggered cell DSP48E1)
  Destination:            u_acc/sum_out_reg[59]/D
  Path Group:             (none)
  Path Type:              Max at Slow Process Corner
  Data Path Delay:        26.156ns  (logic 14.589ns (55.777%)  route 11.567ns (44.223%))
  Logic Levels:           22  (CARRY4=9 DSP48E1=4 LUT2=1 LUT3=2 LUT5=3 LUT6=3)

    Location             Delay type                Incr(ns)  Path(ns)    Netlist Resource(s)
  -------------------------------------------------------------------    -------------------
    DSP48_X1Y9           DSP48E1                      0.000     0.000 r  u_pe/x2_s1_reg__0/CLK
    DSP48_X1Y9           DSP48E1 (Prop_dsp48e1_CLK_P[0])
                                                      0.434     0.434 r  u_pe/x2_s1_reg__0/P[0]
                         net (fo=2, routed)           1.163     1.597    u_pe/x2_s1_reg__0_n_105
    SLICE_X20Y17         LUT2 (Prop_lut2_I0_O)        0.124     1.721 r  u_pe/sum_out3__0_i_19/O
                         net (fo=1, routed)           0.000     1.721    u_pe/sum_out3__0_i_19_n_0
    SLICE_X20Y17         CARRY4 (Prop_carry4_S[1]_CO[3])
                                                      0.533     2.254 r  u_pe/sum_out3__0_i_4/CO[3]
                         net (fo=1, routed)           0.000     2.254    u_pe/sum_out3__0_i_4_n_0
    SLICE_X20Y18         CARRY4 (Prop_carry4_CI_CO[3])
                                                      0.117     2.371 r  u_pe/sum_out3__0_i_3/CO[3]
                         net (fo=1, routed)           0.000     2.371    u_pe/sum_out3__0_i_3_n_0
    SLICE_X20Y19         CARRY4 (Prop_carry4_CI_CO[3])
                                                      0.117     2.488 r  u_pe/sum_out3__0_i_2/CO[3]
                         net (fo=1, routed)           0.000     2.488    u_pe/sum_out3__0_i_2_n_0
    SLICE_X20Y20         CARRY4 (Prop_carry4_CI_O[2])
                                                      0.239     2.727 r  u_pe/sum_out3__0_i_1/O[2]
                         net (fo=4, routed)           1.670     4.396    u_acc/x2_s1_reg[14]
    DSP48_X1Y15          DSP48E1 (Prop_dsp48e1_A[13]_PCOUT[47])
                                                      4.213     8.609 r  u_acc/sum_out4__0/PCOUT[47]
                         net (fo=1, routed)           0.002     8.611    u_acc/sum_out4__0_n_106
    DSP48_X1Y16          DSP48E1 (Prop_dsp48e1_PCIN[47]_P[2])
                                                      1.518    10.129 r  u_acc/sum_out4__1/P[2]
                         net (fo=3, routed)           1.264    11.393    u_acc/sum_out4__1_n_103
    SLICE_X14Y35         LUT3 (Prop_lut3_I2_O)        0.124    11.517 r  u_acc/sum_out3__8_i_38/O
                         net (fo=2, routed)           0.684    12.201    u_acc/sum_out3__8_i_38_n_0
    SLICE_X14Y35         LUT5 (Prop_lut5_I1_O)        0.124    12.325 r  u_acc/sum_out3__8_i_20/O
                         net (fo=2, routed)           1.169    13.495    u_acc/sum_out3__8_i_20_n_0
    SLICE_X12Y35         LUT6 (Prop_lut6_I0_O)        0.124    13.619 r  u_acc/sum_out3__8_i_24/O
                         net (fo=1, routed)           0.000    13.619    u_acc/sum_out3__8_i_24_n_0
    SLICE_X12Y35         CARRY4 (Prop_carry4_S[2]_CO[3])
                                                      0.380    13.999 r  u_acc/sum_out3__8_i_3/CO[3]
                         net (fo=1, routed)           0.000    13.999    u_acc/sum_out3__8_i_3_n_0
    SLICE_X12Y36         CARRY4 (Prop_carry4_CI_CO[3])
                                                      0.117    14.116 r  u_acc/sum_out3__8_i_2/CO[3]
                         net (fo=1, routed)           0.000    14.116    u_acc/sum_out3__8_i_2_n_0
    SLICE_X12Y37         CARRY4 (Prop_carry4_CI_O[3])
                                                      0.315    14.431 r  u_acc/sum_out3__8_i_1/O[3]
                         net (fo=6, routed)           1.027    15.457    u_acc/sum_out3__8_i_1_n_4
    DSP48_X0Y18          DSP48E1 (Prop_dsp48e1_B[12]_P[1])
                                                      3.839    19.296 r  u_acc/sum_out3__8/P[1]
                         net (fo=3, routed)           1.225    20.521    u_acc/sum_out3__8_n_104
    SLICE_X14Y40         LUT3 (Prop_lut3_I0_O)        0.124    20.645 r  u_acc/i___3_carry__8_i_11/O
                         net (fo=3, routed)           0.603    21.249    u_acc/i___3_carry__8_i_11_n_0
    SLICE_X12Y39         LUT5 (Prop_lut5_I1_O)        0.124    21.373 r  u_acc/i___3_carry__8_i_3/O
                         net (fo=2, routed)           0.674    22.046    u_acc/i___3_carry__8_i_3_n_0
    SLICE_X13Y40         CARRY4 (Prop_carry4_DI[1]_O[3])
                                                      0.596    22.642 r  u_acc/sum_out3_inferred__0/i___3_carry__8/O[3]
                         net (fo=3, routed)           0.829    23.471    u_acc/sum_out3_inferred__0/i___3_carry__8_n_4
    SLICE_X15Y41         LUT5 (Prop_lut5_I2_O)        0.334    23.805 f  u_acc/sum_out0__3_carry__13_i_11/O
                         net (fo=2, routed)           0.449    24.254    u_acc/sum_out0__3_carry__13_i_11_n_0
    SLICE_X15Y41         LUT6 (Prop_lut6_I5_O)        0.326    24.580 r  u_acc/sum_out0__3_carry__13_i_3/O
                         net (fo=2, routed)           0.809    25.389    u_acc/sum_out0__3_carry__13_i_3_n_0
    SLICE_X16Y41         LUT6 (Prop_lut6_I0_O)        0.124    25.513 r  u_acc/sum_out0__3_carry__13_i_7/O
                         net (fo=1, routed)           0.000    25.513    u_acc/sum_out0__3_carry__13_i_7_n_0
    SLICE_X16Y41         CARRY4 (Prop_carry4_S[1]_O[3])
                                                      0.643    26.156 r  u_acc/sum_out0__3_carry__13/O[3]
                         net (fo=1, routed)           0.000    26.156    u_acc/p_0_in[59]
    SLICE_X16Y41         FDRE                                         r  u_acc/sum_out_reg[59]/D
  -------------------------------------------------------------------    -------------------

Slack:                    inf
  Source:                 u_pe/x2_s1_reg__0/CLK
                            (rising edge-triggered cell DSP48E1)
  Destination:            u_acc/sum_out_reg[58]/D
  Path Group:             (none)
  Path Type:              Max at Slow Process Corner
  Data Path Delay:        26.091ns  (logic 14.524ns (55.667%)  route 11.567ns (44.333%))
  Logic Levels:           22  (CARRY4=9 DSP48E1=4 LUT2=1 LUT3=2 LUT5=3 LUT6=3)

    Location             Delay type                Incr(ns)  Path(ns)    Netlist Resource(s)
  -------------------------------------------------------------------    -------------------
    DSP48_X1Y9           DSP48E1                      0.000     0.000 r  u_pe/x2_s1_reg__0/CLK
    DSP48_X1Y9           DSP48E1 (Prop_dsp48e1_CLK_P[0])
                                                      0.434     0.434 r  u_pe/x2_s1_reg__0/P[0]
                         net (fo=2, routed)           1.163     1.597    u_pe/x2_s1_reg__0_n_105
    SLICE_X20Y17         LUT2 (Prop_lut2_I0_O)        0.124     1.721 r  u_pe/sum_out3__0_i_19/O
                         net (fo=1, routed)           0.000     1.721    u_pe/sum_out3__0_i_19_n_0
    SLICE_X20Y17         CARRY4 (Prop_carry4_S[1]_CO[3])
                                                      0.533     2.254 r  u_pe/sum_out3__0_i_4/CO[3]
                         net (fo=1, routed)           0.000     2.254    u_pe/sum_out3__0_i_4_n_0
    SLICE_X20Y18         CARRY4 (Prop_carry4_CI_CO[3])
                                                      0.117     2.371 r  u_pe/sum_out3__0_i_3/CO[3]
                         net (fo=1, routed)           0.000     2.371    u_pe/sum_out3__0_i_3_n_0
    SLICE_X20Y19         CARRY4 (Prop_carry4_CI_CO[3])
                                                      0.117     2.488 r  u_pe/sum_out3__0_i_2/CO[3]
                         net (fo=1, routed)           0.000     2.488    u_pe/sum_out3__0_i_2_n_0
    SLICE_X20Y20         CARRY4 (Prop_carry4_CI_O[2])
                                                      0.239     2.727 r  u_pe/sum_out3__0_i_1/O[2]
                         net (fo=4, routed)           1.670     4.396    u_acc/x2_s1_reg[14]
    DSP48_X1Y15          DSP48E1 (Prop_dsp48e1_A[13]_PCOUT[47])
                                                      4.213     8.609 r  u_acc/sum_out4__0/PCOUT[47]
                         net (fo=1, routed)           0.002     8.611    u_acc/sum_out4__0_n_106
    DSP48_X1Y16          DSP48E1 (Prop_dsp48e1_PCIN[47]_P[2])
                                                      1.518    10.129 r  u_acc/sum_out4__1/P[2]
                         net (fo=3, routed)           1.264    11.393    u_acc/sum_out4__1_n_103
    SLICE_X14Y35         LUT3 (Prop_lut3_I2_O)        0.124    11.517 r  u_acc/sum_out3__8_i_38/O
                         net (fo=2, routed)           0.684    12.201    u_acc/sum_out3__8_i_38_n_0
    SLICE_X14Y35         LUT5 (Prop_lut5_I1_O)        0.124    12.325 r  u_acc/sum_out3__8_i_20/O
                         net (fo=2, routed)           1.169    13.495    u_acc/sum_out3__8_i_20_n_0
    SLICE_X12Y35         LUT6 (Prop_lut6_I0_O)        0.124    13.619 r  u_acc/sum_out3__8_i_24/O
                         net (fo=1, routed)           0.000    13.619    u_acc/sum_out3__8_i_24_n_0
    SLICE_X12Y35         CARRY4 (Prop_carry4_S[2]_CO[3])
                                                      0.380    13.999 r  u_acc/sum_out3__8_i_3/CO[3]
                         net (fo=1, routed)           0.000    13.999    u_acc/sum_out3__8_i_3_n_0
    SLICE_X12Y36         CARRY4 (Prop_carry4_CI_CO[3])
                                                      0.117    14.116 r  u_acc/sum_out3__8_i_2/CO[3]
                         net (fo=1, routed)           0.000    14.116    u_acc/sum_out3__8_i_2_n_0
    SLICE_X12Y37         CARRY4 (Prop_carry4_CI_O[3])
                                                      0.315    14.431 r  u_acc/sum_out3__8_i_1/O[3]
                         net (fo=6, routed)           1.027    15.457    u_acc/sum_out3__8_i_1_n_4
    DSP48_X0Y18          DSP48E1 (Prop_dsp48e1_B[12]_P[1])
                                                      3.839    19.296 r  u_acc/sum_out3__8/P[1]
                         net (fo=3, routed)           1.225    20.521    u_acc/sum_out3__8_n_104
    SLICE_X14Y40         LUT3 (Prop_lut3_I0_O)        0.124    20.645 r  u_acc/i___3_carry__8_i_11/O
                         net (fo=3, routed)           0.603    21.249    u_acc/i___3_carry__8_i_11_n_0
    SLICE_X12Y39         LUT5 (Prop_lut5_I1_O)        0.124    21.373 r  u_acc/i___3_carry__8_i_3/O
                         net (fo=2, routed)           0.674    22.046    u_acc/i___3_carry__8_i_3_n_0
    SLICE_X13Y40         CARRY4 (Prop_carry4_DI[1]_O[3])
                                                      0.596    22.642 r  u_acc/sum_out3_inferred__0/i___3_carry__8/O[3]
                         net (fo=3, routed)           0.829    23.471    u_acc/sum_out3_inferred__0/i___3_carry__8_n_4
    SLICE_X15Y41         LUT5 (Prop_lut5_I2_O)        0.334    23.805 f  u_acc/sum_out0__3_carry__13_i_11/O
                         net (fo=2, routed)           0.449    24.254    u_acc/sum_out0__3_carry__13_i_11_n_0
    SLICE_X15Y41         LUT6 (Prop_lut6_I5_O)        0.326    24.580 r  u_acc/sum_out0__3_carry__13_i_3/O
                         net (fo=2, routed)           0.809    25.389    u_acc/sum_out0__3_carry__13_i_3_n_0
    SLICE_X16Y41         LUT6 (Prop_lut6_I0_O)        0.124    25.513 r  u_acc/sum_out0__3_carry__13_i_7/O
                         net (fo=1, routed)           0.000    25.513    u_acc/sum_out0__3_carry__13_i_7_n_0
    SLICE_X16Y41         CARRY4 (Prop_carry4_S[1]_O[2])
                                                      0.578    26.091 r  u_acc/sum_out0__3_carry__13/O[2]
                         net (fo=1, routed)           0.000    26.091    u_acc/p_0_in[58]
    SLICE_X16Y41         FDRE                                         r  u_acc/sum_out_reg[58]/D
  -------------------------------------------------------------------    -------------------

Slack:                    inf
  Source:                 u_pe/x2_s1_reg__0/CLK
                            (rising edge-triggered cell DSP48E1)
  Destination:            u_acc/sum_out_reg[57]/D
  Path Group:             (none)
  Path Type:              Max at Slow Process Corner
  Data Path Delay:        25.938ns  (logic 14.787ns (57.009%)  route 11.151ns (42.991%))
  Logic Levels:           24  (CARRY4=11 DSP48E1=4 LUT2=1 LUT3=1 LUT4=2 LUT5=2 LUT6=3)

    Location             Delay type                Incr(ns)  Path(ns)    Netlist Resource(s)
  -------------------------------------------------------------------    -------------------
    DSP48_X1Y9           DSP48E1                      0.000     0.000 r  u_pe/x2_s1_reg__0/CLK
    DSP48_X1Y9           DSP48E1 (Prop_dsp48e1_CLK_P[0])
                                                      0.434     0.434 r  u_pe/x2_s1_reg__0/P[0]
                         net (fo=2, routed)           1.163     1.597    u_pe/x2_s1_reg__0_n_105
    SLICE_X20Y17         LUT2 (Prop_lut2_I0_O)        0.124     1.721 r  u_pe/sum_out3__0_i_19/O
                         net (fo=1, routed)           0.000     1.721    u_pe/sum_out3__0_i_19_n_0
    SLICE_X20Y17         CARRY4 (Prop_carry4_S[1]_CO[3])
                                                      0.533     2.254 r  u_pe/sum_out3__0_i_4/CO[3]
                         net (fo=1, routed)           0.000     2.254    u_pe/sum_out3__0_i_4_n_0
    SLICE_X20Y18         CARRY4 (Prop_carry4_CI_CO[3])
                                                      0.117     2.371 r  u_pe/sum_out3__0_i_3/CO[3]
                         net (fo=1, routed)           0.000     2.371    u_pe/sum_out3__0_i_3_n_0
    SLICE_X20Y19         CARRY4 (Prop_carry4_CI_CO[3])
                                                      0.117     2.488 r  u_pe/sum_out3__0_i_2/CO[3]
                         net (fo=1, routed)           0.000     2.488    u_pe/sum_out3__0_i_2_n_0
    SLICE_X20Y20         CARRY4 (Prop_carry4_CI_O[2])
                                                      0.239     2.727 r  u_pe/sum_out3__0_i_1/O[2]
                         net (fo=4, routed)           1.670     4.396    u_acc/x2_s1_reg[14]
    DSP48_X1Y15          DSP48E1 (Prop_dsp48e1_A[13]_PCOUT[47])
                                                      4.213     8.609 r  u_acc/sum_out4__0/PCOUT[47]
                         net (fo=1, routed)           0.002     8.611    u_acc/sum_out4__0_n_106
    DSP48_X1Y16          DSP48E1 (Prop_dsp48e1_PCIN[47]_P[2])
                                                      1.518    10.129 r  u_acc/sum_out4__1/P[2]
                         net (fo=3, routed)           1.264    11.393    u_acc/sum_out4__1_n_103
    SLICE_X14Y35         LUT3 (Prop_lut3_I2_O)        0.124    11.517 r  u_acc/sum_out3__8_i_38/O
                         net (fo=2, routed)           0.684    12.201    u_acc/sum_out3__8_i_38_n_0
    SLICE_X14Y35         LUT5 (Prop_lut5_I1_O)        0.124    12.325 r  u_acc/sum_out3__8_i_20/O
                         net (fo=2, routed)           1.169    13.495    u_acc/sum_out3__8_i_20_n_0
    SLICE_X12Y35         LUT6 (Prop_lut6_I0_O)        0.124    13.619 r  u_acc/sum_out3__8_i_24/O
                         net (fo=1, routed)           0.000    13.619    u_acc/sum_out3__8_i_24_n_0
    SLICE_X12Y35         CARRY4 (Prop_carry4_S[2]_CO[3])
                                                      0.380    13.999 r  u_acc/sum_out3__8_i_3/CO[3]
                         net (fo=1, routed)           0.000    13.999    u_acc/sum_out3__8_i_3_n_0
    SLICE_X12Y36         CARRY4 (Prop_carry4_CI_CO[3])
                                                      0.117    14.116 r  u_acc/sum_out3__8_i_2/CO[3]
                         net (fo=1, routed)           0.000    14.116    u_acc/sum_out3__8_i_2_n_0
    SLICE_X12Y37         CARRY4 (Prop_carry4_CI_O[3])
                                                      0.315    14.431 r  u_acc/sum_out3__8_i_1/O[3]
                         net (fo=6, routed)           1.027    15.457    u_acc/sum_out3__8_i_1_n_4
    DSP48_X0Y18          DSP48E1 (Prop_dsp48e1_B[12]_P[0])
                                                      3.839    19.296 r  u_acc/sum_out3__8/P[0]
                         net (fo=4, routed)           1.076    20.373    u_acc/sum_out3__8_n_105
    SLICE_X12Y39         LUT4 (Prop_lut4_I2_O)        0.124    20.497 r  u_acc/i___3_carry__7_i_1/O
                         net (fo=2, routed)           0.985    21.482    u_acc/i___3_carry__7_i_1_n_0
    SLICE_X13Y39         LUT4 (Prop_lut4_I0_O)        0.124    21.606 r  u_acc/i___3_carry__7_i_5/O
                         net (fo=1, routed)           0.000    21.606    u_acc/i___3_carry__7_i_5_n_0
    SLICE_X13Y39         CARRY4 (Prop_carry4_S[3]_CO[3])
                                                      0.401    22.007 r  u_acc/sum_out3_inferred__0/i___3_carry__7/CO[3]
                         net (fo=1, routed)           0.000    22.007    u_acc/sum_out3_inferred__0/i___3_carry__7_n_0
    SLICE_X13Y40         CARRY4 (Prop_carry4_CI_O[1])
                                                      0.334    22.341 r  u_acc/sum_out3_inferred__0/i___3_carry__8/O[1]
                         net (fo=3, routed)           0.834    23.174    u_acc/sum_out3_inferred__0/i___3_carry__8_n_6
    SLICE_X17Y40         LUT5 (Prop_lut5_I2_O)        0.331    23.505 f  u_acc/sum_out0__3_carry__12_i_9/O
                         net (fo=2, routed)           0.835    24.340    u_acc/sum_out0__3_carry__12_i_9_n_0
    SLICE_X15Y40         LUT6 (Prop_lut6_I5_O)        0.332    24.672 r  u_acc/sum_out0__3_carry__12_i_1/O
                         net (fo=2, routed)           0.443    25.115    u_acc/sum_out0__3_carry__12_i_1_n_0
    SLICE_X16Y40         LUT6 (Prop_lut6_I0_O)        0.124    25.239 r  u_acc/sum_out0__3_carry__12_i_5/O
                         net (fo=1, routed)           0.000    25.239    u_acc/sum_out0__3_carry__12_i_5_n_0
    SLICE_X16Y40         CARRY4 (Prop_carry4_S[3]_CO[3])
                                                      0.376    25.615 r  u_acc/sum_out0__3_carry__12/CO[3]
                         net (fo=1, routed)           0.000    25.615    u_acc/sum_out0__3_carry__12_n_0
    SLICE_X16Y41         CARRY4 (Prop_carry4_CI_O[1])
                                                      0.323    25.938 r  u_acc/sum_out0__3_carry__13/O[1]
                         net (fo=1, routed)           0.000    25.938    u_acc/p_0_in[57]
    SLICE_X16Y41         FDRE                                         r  u_acc/sum_out_reg[57]/D
  -------------------------------------------------------------------    -------------------

Slack:                    inf
  Source:                 u_pe/x2_s1_reg__0/CLK
                            (rising edge-triggered cell DSP48E1)
  Destination:            u_acc/sum_out_reg[56]/D
  Path Group:             (none)
  Path Type:              Max at Slow Process Corner
  Data Path Delay:        25.834ns  (logic 14.683ns (56.836%)  route 11.151ns (43.164%))
  Logic Levels:           24  (CARRY4=11 DSP48E1=4 LUT2=1 LUT3=1 LUT4=2 LUT5=2 LUT6=3)

    Location             Delay type                Incr(ns)  Path(ns)    Netlist Resource(s)
  -------------------------------------------------------------------    -------------------
    DSP48_X1Y9           DSP48E1                      0.000     0.000 r  u_pe/x2_s1_reg__0/CLK
    DSP48_X1Y9           DSP48E1 (Prop_dsp48e1_CLK_P[0])
                                                      0.434     0.434 r  u_pe/x2_s1_reg__0/P[0]
                         net (fo=2, routed)           1.163     1.597    u_pe/x2_s1_reg__0_n_105
    SLICE_X20Y17         LUT2 (Prop_lut2_I0_O)        0.124     1.721 r  u_pe/sum_out3__0_i_19/O
                         net (fo=1, routed)           0.000     1.721    u_pe/sum_out3__0_i_19_n_0
    SLICE_X20Y17         CARRY4 (Prop_carry4_S[1]_CO[3])
                                                      0.533     2.254 r  u_pe/sum_out3__0_i_4/CO[3]
                         net (fo=1, routed)           0.000     2.254    u_pe/sum_out3__0_i_4_n_0
    SLICE_X20Y18         CARRY4 (Prop_carry4_CI_CO[3])
                                                      0.117     2.371 r  u_pe/sum_out3__0_i_3/CO[3]
                         net (fo=1, routed)           0.000     2.371    u_pe/sum_out3__0_i_3_n_0
    SLICE_X20Y19         CARRY4 (Prop_carry4_CI_CO[3])
                                                      0.117     2.488 r  u_pe/sum_out3__0_i_2/CO[3]
                         net (fo=1, routed)           0.000     2.488    u_pe/sum_out3__0_i_2_n_0
    SLICE_X20Y20         CARRY4 (Prop_carry4_CI_O[2])
                                                      0.239     2.727 r  u_pe/sum_out3__0_i_1/O[2]
                         net (fo=4, routed)           1.670     4.396    u_acc/x2_s1_reg[14]
    DSP48_X1Y15          DSP48E1 (Prop_dsp48e1_A[13]_PCOUT[47])
                                                      4.213     8.609 r  u_acc/sum_out4__0/PCOUT[47]
                         net (fo=1, routed)           0.002     8.611    u_acc/sum_out4__0_n_106
    DSP48_X1Y16          DSP48E1 (Prop_dsp48e1_PCIN[47]_P[2])
                                                      1.518    10.129 r  u_acc/sum_out4__1/P[2]
                         net (fo=3, routed)           1.264    11.393    u_acc/sum_out4__1_n_103
    SLICE_X14Y35         LUT3 (Prop_lut3_I2_O)        0.124    11.517 r  u_acc/sum_out3__8_i_38/O
                         net (fo=2, routed)           0.684    12.201    u_acc/sum_out3__8_i_38_n_0
    SLICE_X14Y35         LUT5 (Prop_lut5_I1_O)        0.124    12.325 r  u_acc/sum_out3__8_i_20/O
                         net (fo=2, routed)           1.169    13.495    u_acc/sum_out3__8_i_20_n_0
    SLICE_X12Y35         LUT6 (Prop_lut6_I0_O)        0.124    13.619 r  u_acc/sum_out3__8_i_24/O
                         net (fo=1, routed)           0.000    13.619    u_acc/sum_out3__8_i_24_n_0
    SLICE_X12Y35         CARRY4 (Prop_carry4_S[2]_CO[3])
                                                      0.380    13.999 r  u_acc/sum_out3__8_i_3/CO[3]
                         net (fo=1, routed)           0.000    13.999    u_acc/sum_out3__8_i_3_n_0
    SLICE_X12Y36         CARRY4 (Prop_carry4_CI_CO[3])
                                                      0.117    14.116 r  u_acc/sum_out3__8_i_2/CO[3]
                         net (fo=1, routed)           0.000    14.116    u_acc/sum_out3__8_i_2_n_0
    SLICE_X12Y37         CARRY4 (Prop_carry4_CI_O[3])
                                                      0.315    14.431 r  u_acc/sum_out3__8_i_1/O[3]
                         net (fo=6, routed)           1.027    15.457    u_acc/sum_out3__8_i_1_n_4
    DSP48_X0Y18          DSP48E1 (Prop_dsp48e1_B[12]_P[0])
                                                      3.839    19.296 r  u_acc/sum_out3__8/P[0]
                         net (fo=4, routed)           1.076    20.373    u_acc/sum_out3__8_n_105
    SLICE_X12Y39         LUT4 (Prop_lut4_I2_O)        0.124    20.497 r  u_acc/i___3_carry__7_i_1/O
                         net (fo=2, routed)           0.985    21.482    u_acc/i___3_carry__7_i_1_n_0
    SLICE_X13Y39         LUT4 (Prop_lut4_I0_O)        0.124    21.606 r  u_acc/i___3_carry__7_i_5/O
                         net (fo=1, routed)           0.000    21.606    u_acc/i___3_carry__7_i_5_n_0
    SLICE_X13Y39         CARRY4 (Prop_carry4_S[3]_CO[3])
                                                      0.401    22.007 r  u_acc/sum_out3_inferred__0/i___3_carry__7/CO[3]
                         net (fo=1, routed)           0.000    22.007    u_acc/sum_out3_inferred__0/i___3_carry__7_n_0
    SLICE_X13Y40         CARRY4 (Prop_carry4_CI_O[1])
                                                      0.334    22.341 r  u_acc/sum_out3_inferred__0/i___3_carry__8/O[1]
                         net (fo=3, routed)           0.834    23.174    u_acc/sum_out3_inferred__0/i___3_carry__8_n_6
    SLICE_X17Y40         LUT5 (Prop_lut5_I2_O)        0.331    23.505 f  u_acc/sum_out0__3_carry__12_i_9/O
                         net (fo=2, routed)           0.835    24.340    u_acc/sum_out0__3_carry__12_i_9_n_0
    SLICE_X15Y40         LUT6 (Prop_lut6_I5_O)        0.332    24.672 r  u_acc/sum_out0__3_carry__12_i_1/O
                         net (fo=2, routed)           0.443    25.115    u_acc/sum_out0__3_carry__12_i_1_n_0
    SLICE_X16Y40         LUT6 (Prop_lut6_I0_O)        0.124    25.239 r  u_acc/sum_out0__3_carry__12_i_5/O
                         net (fo=1, routed)           0.000    25.239    u_acc/sum_out0__3_carry__12_i_5_n_0
    SLICE_X16Y40         CARRY4 (Prop_carry4_S[3]_CO[3])
                                                      0.376    25.615 r  u_acc/sum_out0__3_carry__12/CO[3]
                         net (fo=1, routed)           0.000    25.615    u_acc/sum_out0__3_carry__12_n_0
    SLICE_X16Y41         CARRY4 (Prop_carry4_CI_O[0])
                                                      0.219    25.834 r  u_acc/sum_out0__3_carry__13/O[0]
                         net (fo=1, routed)           0.000    25.834    u_acc/p_0_in[56]
    SLICE_X16Y41         FDRE                                         r  u_acc/sum_out_reg[56]/D
  -------------------------------------------------------------------    -------------------

Slack:                    inf
  Source:                 u_pe/x2_s1_reg__0/CLK
                            (rising edge-triggered cell DSP48E1)
  Destination:            u_acc/sum_out_reg[55]/D
  Path Group:             (none)
  Path Type:              Max at Slow Process Corner
  Data Path Delay:        25.494ns  (logic 14.343ns (56.260%)  route 11.151ns (43.740%))
  Logic Levels:           23  (CARRY4=10 DSP48E1=4 LUT2=1 LUT3=1 LUT4=2 LUT5=2 LUT6=3)

    Location             Delay type                Incr(ns)  Path(ns)    Netlist Resource(s)
  -------------------------------------------------------------------    -------------------
    DSP48_X1Y9           DSP48E1                      0.000     0.000 r  u_pe/x2_s1_reg__0/CLK
    DSP48_X1Y9           DSP48E1 (Prop_dsp48e1_CLK_P[0])
                                                      0.434     0.434 r  u_pe/x2_s1_reg__0/P[0]
                         net (fo=2, routed)           1.163     1.597    u_pe/x2_s1_reg__0_n_105
    SLICE_X20Y17         LUT2 (Prop_lut2_I0_O)        0.124     1.721 r  u_pe/sum_out3__0_i_19/O
                         net (fo=1, routed)           0.000     1.721    u_pe/sum_out3__0_i_19_n_0
    SLICE_X20Y17         CARRY4 (Prop_carry4_S[1]_CO[3])
                                                      0.533     2.254 r  u_pe/sum_out3__0_i_4/CO[3]
                         net (fo=1, routed)           0.000     2.254    u_pe/sum_out3__0_i_4_n_0
    SLICE_X20Y18         CARRY4 (Prop_carry4_CI_CO[3])
                                                      0.117     2.371 r  u_pe/sum_out3__0_i_3/CO[3]
                         net (fo=1, routed)           0.000     2.371    u_pe/sum_out3__0_i_3_n_0
    SLICE_X20Y19         CARRY4 (Prop_carry4_CI_CO[3])
                                                      0.117     2.488 r  u_pe/sum_out3__0_i_2/CO[3]
                         net (fo=1, routed)           0.000     2.488    u_pe/sum_out3__0_i_2_n_0
    SLICE_X20Y20         CARRY4 (Prop_carry4_CI_O[2])
                                                      0.239     2.727 r  u_pe/sum_out3__0_i_1/O[2]
                         net (fo=4, routed)           1.670     4.396    u_acc/x2_s1_reg[14]
    DSP48_X1Y15          DSP48E1 (Prop_dsp48e1_A[13]_PCOUT[47])
                                                      4.213     8.609 r  u_acc/sum_out4__0/PCOUT[47]
                         net (fo=1, routed)           0.002     8.611    u_acc/sum_out4__0_n_106
    DSP48_X1Y16          DSP48E1 (Prop_dsp48e1_PCIN[47]_P[2])
                                                      1.518    10.129 r  u_acc/sum_out4__1/P[2]
                         net (fo=3, routed)           1.264    11.393    u_acc/sum_out4__1_n_103
    SLICE_X14Y35         LUT3 (Prop_lut3_I2_O)        0.124    11.517 r  u_acc/sum_out3__8_i_38/O
                         net (fo=2, routed)           0.684    12.201    u_acc/sum_out3__8_i_38_n_0
    SLICE_X14Y35         LUT5 (Prop_lut5_I1_O)        0.124    12.325 r  u_acc/sum_out3__8_i_20/O
                         net (fo=2, routed)           1.169    13.495    u_acc/sum_out3__8_i_20_n_0
    SLICE_X12Y35         LUT6 (Prop_lut6_I0_O)        0.124    13.619 r  u_acc/sum_out3__8_i_24/O
                         net (fo=1, routed)           0.000    13.619    u_acc/sum_out3__8_i_24_n_0
    SLICE_X12Y35         CARRY4 (Prop_carry4_S[2]_CO[3])
                                                      0.380    13.999 r  u_acc/sum_out3__8_i_3/CO[3]
                         net (fo=1, routed)           0.000    13.999    u_acc/sum_out3__8_i_3_n_0
    SLICE_X12Y36         CARRY4 (Prop_carry4_CI_CO[3])
                                                      0.117    14.116 r  u_acc/sum_out3__8_i_2/CO[3]
                         net (fo=1, routed)           0.000    14.116    u_acc/sum_out3__8_i_2_n_0
    SLICE_X12Y37         CARRY4 (Prop_carry4_CI_O[3])
                                                      0.315    14.431 r  u_acc/sum_out3__8_i_1/O[3]
                         net (fo=6, routed)           1.027    15.457    u_acc/sum_out3__8_i_1_n_4
    DSP48_X0Y18          DSP48E1 (Prop_dsp48e1_B[12]_P[0])
                                                      3.839    19.296 r  u_acc/sum_out3__8/P[0]
                         net (fo=4, routed)           1.076    20.373    u_acc/sum_out3__8_n_105
    SLICE_X12Y39         LUT4 (Prop_lut4_I2_O)        0.124    20.497 r  u_acc/i___3_carry__7_i_1/O
                         net (fo=2, routed)           0.985    21.482    u_acc/i___3_carry__7_i_1_n_0
    SLICE_X13Y39         LUT4 (Prop_lut4_I0_O)        0.124    21.606 r  u_acc/i___3_carry__7_i_5/O
                         net (fo=1, routed)           0.000    21.606    u_acc/i___3_carry__7_i_5_n_0
    SLICE_X13Y39         CARRY4 (Prop_carry4_S[3]_CO[3])
                                                      0.401    22.007 r  u_acc/sum_out3_inferred__0/i___3_carry__7/CO[3]
                         net (fo=1, routed)           0.000    22.007    u_acc/sum_out3_inferred__0/i___3_carry__7_n_0
    SLICE_X13Y40         CARRY4 (Prop_carry4_CI_O[1])
                                                      0.334    22.341 r  u_acc/sum_out3_inferred__0/i___3_carry__8/O[1]
                         net (fo=3, routed)           0.834    23.174    u_acc/sum_out3_inferred__0/i___3_carry__8_n_6
    SLICE_X17Y40         LUT5 (Prop_lut5_I2_O)        0.331    23.505 f  u_acc/sum_out0__3_carry__12_i_9/O
                         net (fo=2, routed)           0.835    24.340    u_acc/sum_out0__3_carry__12_i_9_n_0
    SLICE_X15Y40         LUT6 (Prop_lut6_I5_O)        0.332    24.672 r  u_acc/sum_out0__3_carry__12_i_1/O
                         net (fo=2, routed)           0.443    25.115    u_acc/sum_out0__3_carry__12_i_1_n_0
    SLICE_X16Y40         LUT6 (Prop_lut6_I0_O)        0.124    25.239 r  u_acc/sum_out0__3_carry__12_i_5/O
                         net (fo=1, routed)           0.000    25.239    u_acc/sum_out0__3_carry__12_i_5_n_0
    SLICE_X16Y40         CARRY4 (Prop_carry4_S[3]_O[3])
                                                      0.255    25.494 r  u_acc/sum_out0__3_carry__12/O[3]
                         net (fo=1, routed)           0.000    25.494    u_acc/p_0_in[55]
    SLICE_X16Y40         FDRE                                         r  u_acc/sum_out_reg[55]/D
  -------------------------------------------------------------------    -------------------

Slack:                    inf
  Source:                 u_pe/x2_s1_reg__0/CLK
                            (rising edge-triggered cell DSP48E1)
  Destination:            u_acc/sum_out_reg[54]/D
  Path Group:             (none)
  Path Type:              Max at Slow Process Corner
  Data Path Delay:        25.157ns  (logic 13.986ns (55.596%)  route 11.171ns (44.404%))
  Logic Levels:           23  (CARRY4=10 DSP48E1=4 LUT2=1 LUT3=1 LUT4=2 LUT5=2 LUT6=3)

    Location             Delay type                Incr(ns)  Path(ns)    Netlist Resource(s)
  -------------------------------------------------------------------    -------------------
    DSP48_X1Y9           DSP48E1                      0.000     0.000 r  u_pe/x2_s1_reg__0/CLK
    DSP48_X1Y9           DSP48E1 (Prop_dsp48e1_CLK_P[0])
                                                      0.434     0.434 r  u_pe/x2_s1_reg__0/P[0]
                         net (fo=2, routed)           1.163     1.597    u_pe/x2_s1_reg__0_n_105
    SLICE_X20Y17         LUT2 (Prop_lut2_I0_O)        0.124     1.721 r  u_pe/sum_out3__0_i_19/O
                         net (fo=1, routed)           0.000     1.721    u_pe/sum_out3__0_i_19_n_0
    SLICE_X20Y17         CARRY4 (Prop_carry4_S[1]_CO[3])
                                                      0.533     2.254 r  u_pe/sum_out3__0_i_4/CO[3]
                         net (fo=1, routed)           0.000     2.254    u_pe/sum_out3__0_i_4_n_0
    SLICE_X20Y18         CARRY4 (Prop_carry4_CI_CO[3])
                                                      0.117     2.371 r  u_pe/sum_out3__0_i_3/CO[3]
                         net (fo=1, routed)           0.000     2.371    u_pe/sum_out3__0_i_3_n_0
    SLICE_X20Y19         CARRY4 (Prop_carry4_CI_CO[3])
                                                      0.117     2.488 r  u_pe/sum_out3__0_i_2/CO[3]
                         net (fo=1, routed)           0.000     2.488    u_pe/sum_out3__0_i_2_n_0
    SLICE_X20Y20         CARRY4 (Prop_carry4_CI_O[2])
                                                      0.239     2.727 r  u_pe/sum_out3__0_i_1/O[2]
                         net (fo=4, routed)           1.670     4.396    u_acc/x2_s1_reg[14]
    DSP48_X1Y15          DSP48E1 (Prop_dsp48e1_A[13]_PCOUT[47])
                                                      4.213     8.609 r  u_acc/sum_out4__0/PCOUT[47]
                         net (fo=1, routed)           0.002     8.611    u_acc/sum_out4__0_n_106
    DSP48_X1Y16          DSP48E1 (Prop_dsp48e1_PCIN[47]_P[2])
                                                      1.518    10.129 r  u_acc/sum_out4__1/P[2]
                         net (fo=3, routed)           1.264    11.393    u_acc/sum_out4__1_n_103
    SLICE_X14Y35         LUT3 (Prop_lut3_I2_O)        0.124    11.517 r  u_acc/sum_out3__8_i_38/O
                         net (fo=2, routed)           0.684    12.201    u_acc/sum_out3__8_i_38_n_0
    SLICE_X14Y35         LUT5 (Prop_lut5_I1_O)        0.124    12.325 r  u_acc/sum_out3__8_i_20/O
                         net (fo=2, routed)           1.169    13.495    u_acc/sum_out3__8_i_20_n_0
    SLICE_X12Y35         LUT6 (Prop_lut6_I0_O)        0.124    13.619 r  u_acc/sum_out3__8_i_24/O
                         net (fo=1, routed)           0.000    13.619    u_acc/sum_out3__8_i_24_n_0
    SLICE_X12Y35         CARRY4 (Prop_carry4_S[2]_CO[3])
                                                      0.380    13.999 r  u_acc/sum_out3__8_i_3/CO[3]
                         net (fo=1, routed)           0.000    13.999    u_acc/sum_out3__8_i_3_n_0
    SLICE_X12Y36         CARRY4 (Prop_carry4_CI_CO[3])
                                                      0.117    14.116 r  u_acc/sum_out3__8_i_2/CO[3]
                         net (fo=1, routed)           0.000    14.116    u_acc/sum_out3__8_i_2_n_0
    SLICE_X12Y37         CARRY4 (Prop_carry4_CI_O[3])
                                                      0.315    14.431 r  u_acc/sum_out3__8_i_1/O[3]
                         net (fo=6, routed)           1.027    15.457    u_acc/sum_out3__8_i_1_n_4
    DSP48_X0Y18          DSP48E1 (Prop_dsp48e1_B[12]_P[0])
                                                      3.839    19.296 r  u_acc/sum_out3__8/P[0]
                         net (fo=4, routed)           1.076    20.373    u_acc/sum_out3__8_n_105
    SLICE_X12Y39         LUT4 (Prop_lut4_I2_O)        0.124    20.497 r  u_acc/i___3_carry__7_i_1/O
                         net (fo=2, routed)           0.985    21.482    u_acc/i___3_carry__7_i_1_n_0
    SLICE_X13Y39         LUT4 (Prop_lut4_I0_O)        0.124    21.606 r  u_acc/i___3_carry__7_i_5/O
                         net (fo=1, routed)           0.000    21.606    u_acc/i___3_carry__7_i_5_n_0
    SLICE_X13Y39         CARRY4 (Prop_carry4_S[3]_CO[3])
                                                      0.401    22.007 r  u_acc/sum_out3_inferred__0/i___3_carry__7/CO[3]
                         net (fo=1, routed)           0.000    22.007    u_acc/sum_out3_inferred__0/i___3_carry__7_n_0
    SLICE_X13Y40         CARRY4 (Prop_carry4_CI_O[0])
                                                      0.222    22.229 r  u_acc/sum_out3_inferred__0/i___3_carry__8/O[0]
                         net (fo=3, routed)           0.789    23.018    u_acc/sum_out3_inferred__0/i___3_carry__8_n_7
    SLICE_X17Y40         LUT5 (Prop_lut5_I2_O)        0.299    23.317 f  u_acc/sum_out0__3_carry__12_i_10/O
                         net (fo=2, routed)           0.676    23.992    u_acc/sum_out0__3_carry__12_i_10_n_0
    SLICE_X17Y40         LUT6 (Prop_lut6_I5_O)        0.124    24.116 r  u_acc/sum_out0__3_carry__12_i_2/O
                         net (fo=2, routed)           0.666    24.783    u_acc/sum_out0__3_carry__12_i_2_n_0
    SLICE_X16Y40         LUT6 (Prop_lut6_I0_O)        0.124    24.907 r  u_acc/sum_out0__3_carry__12_i_6/O
                         net (fo=1, routed)           0.000    24.907    u_acc/sum_out0__3_carry__12_i_6_n_0
    SLICE_X16Y40         CARRY4 (Prop_carry4_S[2]_O[2])
                                                      0.250    25.157 r  u_acc/sum_out0__3_carry__12/O[2]
                         net (fo=1, routed)           0.000    25.157    u_acc/p_0_in[54]
    SLICE_X16Y40         FDRE                                         r  u_acc/sum_out_reg[54]/D
  -------------------------------------------------------------------    -------------------





Min Delay Paths
--------------------------------------------------------------------------------------
Slack:                    inf
  Source:                 cD_q1_reg[16]/C
                            (rising edge-triggered cell FDRE)
  Destination:            cD_q2_reg[16]/D
  Path Group:             (none)
  Path Type:              Min at Fast Process Corner
  Data Path Delay:        0.251ns  (logic 0.141ns (56.174%)  route 0.110ns (43.826%))
  Logic Levels:           1  (FDRE=1)

    Location             Delay type                Incr(ns)  Path(ns)    Netlist Resource(s)
  -------------------------------------------------------------------    -------------------
    SLICE_X21Y31         FDRE                         0.000     0.000 r  cD_q1_reg[16]/C
    SLICE_X21Y31         FDRE (Prop_fdre_C_Q)         0.141     0.141 r  cD_q1_reg[16]/Q
                         net (fo=1, routed)           0.110     0.251    cD_q1[16]
    SLICE_X21Y31         FDRE                                         r  cD_q2_reg[16]/D
  -------------------------------------------------------------------    -------------------

Slack:                    inf
  Source:                 cD_q1_reg[20]/C
                            (rising edge-triggered cell FDRE)
  Destination:            cD_q2_reg[20]/D
  Path Group:             (none)
  Path Type:              Min at Fast Process Corner
  Data Path Delay:        0.251ns  (logic 0.141ns (56.174%)  route 0.110ns (43.826%))
  Logic Levels:           1  (FDRE=1)

    Location             Delay type                Incr(ns)  Path(ns)    Netlist Resource(s)
  -------------------------------------------------------------------    -------------------
    SLICE_X21Y33         FDRE                         0.000     0.000 r  cD_q1_reg[20]/C
    SLICE_X21Y33         FDRE (Prop_fdre_C_Q)         0.141     0.141 r  cD_q1_reg[20]/Q
                         net (fo=1, routed)           0.110     0.251    cD_q1[20]
    SLICE_X21Y33         FDRE                                         r  cD_q2_reg[20]/D
  -------------------------------------------------------------------    -------------------

Slack:                    inf
  Source:                 cD_q1_reg[24]/C
                            (rising edge-triggered cell FDRE)
  Destination:            cD_q2_reg[24]/D
  Path Group:             (none)
  Path Type:              Min at Fast Process Corner
  Data Path Delay:        0.251ns  (logic 0.141ns (56.174%)  route 0.110ns (43.826%))
  Logic Levels:           1  (FDRE=1)

    Location             Delay type                Incr(ns)  Path(ns)    Netlist Resource(s)
  -------------------------------------------------------------------    -------------------
    SLICE_X23Y33         FDRE                         0.000     0.000 r  cD_q1_reg[24]/C
    SLICE_X23Y33         FDRE (Prop_fdre_C_Q)         0.141     0.141 r  cD_q1_reg[24]/Q
                         net (fo=1, routed)           0.110     0.251    cD_q1[24]
    SLICE_X23Y33         FDRE                                         r  cD_q2_reg[24]/D
  -------------------------------------------------------------------    -------------------

Slack:                    inf
  Source:                 cD_q1_reg[29]/C
                            (rising edge-triggered cell FDRE)
  Destination:            cD_q2_reg[29]/D
  Path Group:             (none)
  Path Type:              Min at Fast Process Corner
  Data Path Delay:        0.251ns  (logic 0.141ns (56.174%)  route 0.110ns (43.826%))
  Logic Levels:           1  (FDRE=1)

    Location             Delay type                Incr(ns)  Path(ns)    Netlist Resource(s)
  -------------------------------------------------------------------    -------------------
    SLICE_X21Y35         FDRE                         0.000     0.000 r  cD_q1_reg[29]/C
    SLICE_X21Y35         FDRE (Prop_fdre_C_Q)         0.141     0.141 r  cD_q1_reg[29]/Q
                         net (fo=1, routed)           0.110     0.251    cD_q1[29]
    SLICE_X21Y35         FDRE                                         r  cD_q2_reg[29]/D
  -------------------------------------------------------------------    -------------------

Slack:                    inf
  Source:                 cD_q1_reg[31]/C
                            (rising edge-triggered cell FDRE)
  Destination:            cD_q2_reg[31]/D
  Path Group:             (none)
  Path Type:              Min at Fast Process Corner
  Data Path Delay:        0.251ns  (logic 0.141ns (56.174%)  route 0.110ns (43.826%))
  Logic Levels:           1  (FDRE=1)

    Location             Delay type                Incr(ns)  Path(ns)    Netlist Resource(s)
  -------------------------------------------------------------------    -------------------
    SLICE_X19Y36         FDRE                         0.000     0.000 r  cD_q1_reg[31]/C
    SLICE_X19Y36         FDRE (Prop_fdre_C_Q)         0.141     0.141 r  cD_q1_reg[31]/Q
                         net (fo=1, routed)           0.110     0.251    cD_q1[31]
    SLICE_X19Y35         FDRE                                         r  cD_q2_reg[31]/D
  -------------------------------------------------------------------    -------------------

Slack:                    inf
  Source:                 cD_q1_reg[5]/C
                            (rising edge-triggered cell FDRE)
  Destination:            cD_q2_reg[5]/D
  Path Group:             (none)
  Path Type:              Min at Fast Process Corner
  Data Path Delay:        0.254ns  (logic 0.141ns (55.522%)  route 0.113ns (44.478%))
  Logic Levels:           1  (FDRE=1)

    Location             Delay type                Incr(ns)  Path(ns)    Netlist Resource(s)
  -------------------------------------------------------------------    -------------------
    SLICE_X15Y28         FDRE                         0.000     0.000 r  cD_q1_reg[5]/C
    SLICE_X15Y28         FDRE (Prop_fdre_C_Q)         0.141     0.141 r  cD_q1_reg[5]/Q
                         net (fo=1, routed)           0.113     0.254    cD_q1[5]
    SLICE_X17Y28         FDRE                                         r  cD_q2_reg[5]/D
  -------------------------------------------------------------------    -------------------

Slack:                    inf
  Source:                 u_pe/valid_s0_reg/C
                            (rising edge-triggered cell FDRE)
  Destination:            u_pe/valid_s1_reg/D
  Path Group:             (none)
  Path Type:              Min at Fast Process Corner
  Data Path Delay:        0.257ns  (logic 0.141ns (54.828%)  route 0.116ns (45.172%))
  Logic Levels:           1  (FDRE=1)

    Location             Delay type                Incr(ns)  Path(ns)    Netlist Resource(s)
  -------------------------------------------------------------------    -------------------
    SLICE_X17Y27         FDRE                         0.000     0.000 r  u_pe/valid_s0_reg/C
    SLICE_X17Y27         FDRE (Prop_fdre_C_Q)         0.141     0.141 r  u_pe/valid_s0_reg/Q
                         net (fo=1, routed)           0.116     0.257    u_pe/valid_s0
    SLICE_X17Y27         FDRE                                         r  u_pe/valid_s1_reg/D
  -------------------------------------------------------------------    -------------------

Slack:                    inf
  Source:                 u_reg/reg_D_reg[30]/C
                            (rising edge-triggered cell FDRE)
  Destination:            cD_q1_reg[30]/D
  Path Group:             (none)
  Path Type:              Min at Fast Process Corner
  Data Path Delay:        0.257ns  (logic 0.128ns (49.735%)  route 0.129ns (50.265%))
  Logic Levels:           1  (FDRE=1)

    Location             Delay type                Incr(ns)  Path(ns)    Netlist Resource(s)
  -------------------------------------------------------------------    -------------------
    SLICE_X24Y37         FDRE                         0.000     0.000 r  u_reg/reg_D_reg[30]/C
    SLICE_X24Y37         FDRE (Prop_fdre_C_Q)         0.128     0.128 r  u_reg/reg_D_reg[30]/Q
                         net (fo=2, routed)           0.129     0.257    reg_D[30]
    SLICE_X24Y36         FDRE                                         r  cD_q1_reg[30]/D
  -------------------------------------------------------------------    -------------------

Slack:                    inf
  Source:                 u_pe/valid_s1_reg/C
                            (rising edge-triggered cell FDRE)
  Destination:            u_acc/valid_out_reg/D
  Path Group:             (none)
  Path Type:              Min at Fast Process Corner
  Data Path Delay:        0.258ns  (logic 0.141ns (54.755%)  route 0.117ns (45.245%))
  Logic Levels:           1  (FDRE=1)

    Location             Delay type                Incr(ns)  Path(ns)    Netlist Resource(s)
  -------------------------------------------------------------------    -------------------
    SLICE_X17Y27         FDRE                         0.000     0.000 r  u_pe/valid_s1_reg/C
    SLICE_X17Y27         FDRE (Prop_fdre_C_Q)         0.141     0.141 r  u_pe/valid_s1_reg/Q
                         net (fo=1, routed)           0.117     0.258    u_acc/valid_s1
    SLICE_X15Y28         FDRE                                         r  u_acc/valid_out_reg/D
  -------------------------------------------------------------------    -------------------

Slack:                    inf
  Source:                 cD_q1_reg[25]/C
                            (rising edge-triggered cell FDRE)
  Destination:            cD_q2_reg[25]/D
  Path Group:             (none)
  Path Type:              Min at Fast Process Corner
  Data Path Delay:        0.258ns  (logic 0.141ns (54.753%)  route 0.117ns (45.247%))
  Logic Levels:           1  (FDRE=1)

    Location             Delay type                Incr(ns)  Path(ns)    Netlist Resource(s)
  -------------------------------------------------------------------    -------------------
    SLICE_X24Y36         FDRE                         0.000     0.000 r  cD_q1_reg[25]/C
    SLICE_X24Y36         FDRE (Prop_fdre_C_Q)         0.141     0.141 r  cD_q1_reg[25]/Q
                         net (fo=1, routed)           0.117     0.258    cD_q1[25]
    SLICE_X24Y36         FDRE                                         r  cD_q2_reg[25]/D
  -------------------------------------------------------------------    -------------------





